// Jest Snapshot v1, https://goo.gl/fbAQLP

exports[`Dashboard renders correctly 1`] = `
Object {
  "asFragment": [Function],
  "baseElement": <body>
    <div>
      <div
        class="MuiGrid-root MuiGrid-container MuiGrid-spacing-xs-3"
      >
        <div
          class="MuiGrid-root MuiGrid-item MuiGrid-grid-xs-12 MuiGrid-grid-sm-8"
        >
          <div
            class="MuiGrid-root MuiGrid-container"
          >
            <div
              class="MuiGrid-root MuiGrid-item MuiGrid-grid-xs-12 MuiGrid-grid-sm-12 MuiGrid-grid-lg-12"
            >
              <div>
                <div
                  class="MuiPaper-root MuiCard-root makeStyles-card-104 MuiPaper-elevation1 MuiPaper-rounded"
                >
                  <div
                    class="MuiCardContent-root"
                  >
                    <div
                      class="MuiGrid-root MuiGrid-container MuiGrid-spacing-xs-3"
                    >
                      <div
                        class="MuiGrid-root MuiGrid-item MuiGrid-grid-xs-7"
                      >
                        <h3>
                          Hi, First Name
                        </h3>
                        <p>
                          username@gmail.com
                        </p>
                      </div>
                      <div
                        class="MuiGrid-root MuiGrid-item MuiGrid-grid-xs-5"
                      >
                        <p>
                          FN
                        </p>
                      </div>
                    </div>
                  </div>
                </div>
              </div>
            </div>
          </div>
          <div
            class="MuiGrid-root MuiGrid-container"
          >
            <div
              class="MuiGrid-root MuiGrid-item MuiGrid-grid-xs-12 MuiGrid-grid-sm-12"
            >
              <div
                class="MuiPaper-root MuiTableContainer-root MuiPaper-elevation1 MuiPaper-rounded"
              >
                <table
                  aria-label="simple table"
                  class="MuiTable-root makeStyles-table-138"
                >
                  <thead
                    class="MuiTableHead-root"
                  >
                    <tr
                      class="MuiTableRow-root MuiTableRow-head"
                    >
                      <th
                        class="MuiTableCell-root MuiTableCell-head"
                        scope="col"
                      >
                        Block
                      </th>
                      <th
                        class="MuiTableCell-root MuiTableCell-head"
                        scope="col"
                      >
                        Current status
                      </th>
                      <th
                        class="MuiTableCell-root MuiTableCell-head"
                        scope="col"
                      />
                      <th
                        class="MuiTableCell-root MuiTableCell-head"
                        scope="col"
                      >
                        Total Expenses
                      </th>
                      <th
                        class="MuiTableCell-root MuiTableCell-head"
                        scope="col"
                      >
                        Limit
                      </th>
                      <th
                        class="MuiTableCell-root MuiTableCell-head"
                        scope="col"
                      >
                        Action
                      </th>
                    </tr>
                  </thead>
                  <tbody
                    class="MuiTableBody-root"
                  />
                </table>
              </div>
            </div>
          </div>
          <div
            class="MuiGrid-root MuiGrid-container"
          >
            <div
              class="MuiGrid-root MuiGrid-item MuiGrid-grid-xs-12 MuiGrid-grid-sm-12"
            >
              <div
                class="makeStyles-topcontent-162"
              >
                <b
                  class="makeStyles-text-167"
                >
                  Recent Transactions:
                </b>
                <div
                  class="makeStyles-root-161"
                >
                  <button
                    class="MuiButtonBase-root MuiButton-root MuiButton-contained"
                    tabindex="0"
                    type="button"
                  >
                    <span
                      class="MuiButton-label"
                    >
                      <svg
                        aria-hidden="true"
                        class="MuiSvgIcon-root"
                        focusable="false"
                        role="presentation"
                        viewBox="0 0 24 24"
                      >
                        <path
                          d="M19 13h-6v6h-2v-6H5v-2h6V5h2v6h6v2z"
                        />
                      </svg>
                      Add Transactions
                    </span>
                    <span
                      class="MuiTouchRipple-root"
                    />
                  </button>
                  <button
                    class="MuiButtonBase-root MuiButton-root MuiButton-contained MuiButton-containedPrimary"
                    tabindex="0"
                    type="button"
                  >
                    <span
                      class="MuiButton-label"
                    >
                      <svg
                        aria-hidden="true"
                        class="MuiSvgIcon-root"
                        focusable="false"
                        role="presentation"
                        viewBox="0 0 24 24"
                      >
                        <path
                          d="M19 13h-6v6h-2v-6H5v-2h6V5h2v6h6v2z"
                        />
                      </svg>
                      Add Income
                    </span>
                    <span
                      class="MuiTouchRipple-root"
                    />
                  </button>
                </div>
              </div>
              <div
                class="MuiPaper-root MuiCard-root makeStyles-card-163 MuiPaper-elevation1 MuiPaper-rounded"
              >
                <div
                  class="makeStyles-details-164"
                >
                  <div
                    class="MuiCardContent-root makeStyles-content-165"
                  >
                    <p
                      class="MuiTypography-root MuiTypography-body1"
                    >
                      Puchase Authorized on 01/01 Storage Company For USER 6A7BC81524XY1524
                    </p>
                    <h6
                      class="MuiTypography-root MuiTypography-subtitle1 MuiTypography-colorTextSecondary"
                    >
                      Jan 20, 2020
                    </h6>
                    <h6
                      class="MuiTypography-root MuiTypography-subtitle1 MuiTypography-colorTextSecondary"
                    >
                      Category: 
                      Grocery
                    </h6>
                  </div>
                </div>
                <div
                  class="makeStyles-controls-166"
                >
                  $ 
                  312.44
                </div>
              </div>
              <div
                class="MuiPaper-root MuiCard-root makeStyles-card-163 MuiPaper-elevation1 MuiPaper-rounded"
              >
                <div
                  class="makeStyles-details-164"
                >
                  <div
                    class="MuiCardContent-root makeStyles-content-165"
                  >
                    <p
                      class="MuiTypography-root MuiTypography-body1"
                    >
                      LA fitness
                    </p>
                    <h6
                      class="MuiTypography-root MuiTypography-subtitle1 MuiTypography-colorTextSecondary"
                    >
                      Jan 21, 2020
                    </h6>
                    <h6
                      class="MuiTypography-root MuiTypography-subtitle1 MuiTypography-colorTextSecondary"
                    >
                      Category: 
                      Utility
                    </h6>
                  </div>
                </div>
                <div
                  class="makeStyles-controls-166"
                >
                  $ 
                  866.99
                </div>
              </div>
              <div
                class="MuiPaper-root MuiCard-root makeStyles-card-163 MuiPaper-elevation1 MuiPaper-rounded"
              >
                <div
                  class="makeStyles-details-164"
                >
                  <div
                    class="MuiCardContent-root makeStyles-content-165"
                  >
                    <p
                      class="MuiTypography-root MuiTypography-body1"
                    >
                      APPPLE.COM/BILL
                    </p>
                    <h6
                      class="MuiTypography-root MuiTypography-subtitle1 MuiTypography-colorTextSecondary"
                    >
                      Jan 22, 2020
                    </h6>
                    <h6
                      class="MuiTypography-root MuiTypography-subtitle1 MuiTypography-colorTextSecondary"
                    >
                      Category: 
                      Entertainment
                    </h6>
                  </div>
                </div>
                <div
                  class="makeStyles-controls-166"
                >
                  $ 
                  100.81
                </div>
              </div>
              <div
                class="MuiPaper-root MuiCard-root makeStyles-card-163 MuiPaper-elevation1 MuiPaper-rounded"
              >
                <div
                  class="makeStyles-details-164"
                >
                  <div
                    class="MuiCardContent-root makeStyles-content-165"
                  >
                    <p
                      class="MuiTypography-root MuiTypography-body1"
                    >
                      Target
                    </p>
                    <h6
                      class="MuiTypography-root MuiTypography-subtitle1 MuiTypography-colorTextSecondary"
                    >
                      Jan 23, 2020
                    </h6>
                    <h6
                      class="MuiTypography-root MuiTypography-subtitle1 MuiTypography-colorTextSecondary"
                    >
                      Category: 
                      Shopping
                    </h6>
                  </div>
                </div>
                <div
                  class="makeStyles-controls-166"
                >
                  $ 
                  654.39
                </div>
              </div>
              <div
                class="MuiPaper-root MuiCard-root makeStyles-card-163 MuiPaper-elevation1 MuiPaper-rounded"
              >
                <div
                  class="makeStyles-details-164"
                >
                  <div
                    class="MuiCardContent-root makeStyles-content-165"
                  >
                    <p
                      class="MuiTypography-root MuiTypography-body1"
                    >
                      Nordstrom #0123
                    </p>
                    <h6
                      class="MuiTypography-root MuiTypography-subtitle1 MuiTypography-colorTextSecondary"
                    >
                      Jan 24, 2020
                    </h6>
                    <h6
                      class="MuiTypography-root MuiTypography-subtitle1 MuiTypography-colorTextSecondary"
                    >
                      Category: 
                      Shopping
                    </h6>
                  </div>
                </div>
                <div
                  class="makeStyles-controls-166"
                >
                  $ 
                  212.79
                </div>
              </div>
            </div>
          </div>
        </div>
        <div
          class="MuiGrid-root MuiGrid-item MuiGrid-grid-xs-12 MuiGrid-grid-sm-4"
        >
          <div
            class="MuiGrid-root MuiGrid-container"
          >
            <div
              class="MuiGrid-root MuiGrid-item MuiGrid-grid-xs-12 MuiGrid-grid-sm-8"
            >
              Total Budget
            </div>
          </div>
          <div
            class="MuiGrid-root MuiGrid-container"
          >
            <div
              class="MuiGrid-root MuiGrid-item MuiGrid-grid-xs-12 MuiGrid-grid-sm-8"
            >
              <div
                class="NoBalance"
              >
                <div
                  class="LinkAccount"
                >
                  <div>
                    <button
                      class="plaidButton"
                      disabled=""
                      style="padding: 6px 4px; outline: none; background: rgb(255, 255, 255); border: 2px solid #f1f1f1; border-radius: 4px;"
                    >
                      Connect Bank Account
                    </button>
                  </div>
                </div>
                <img
                  alt="Plaid Icon"
                  class="plaidIcon"
                  src="PlaidIcon.png"
                />
              </div>
            </div>
          </div>
          <div
            class="MuiGrid-root MuiGrid-container"
          >
            <div
              class="MuiGrid-root MuiGrid-item MuiGrid-grid-xs-12 MuiGrid-grid-sm-8"
            >
              Due 
            </div>
          </div>
          <div
            class="MuiGrid-root MuiGrid-container"
          >
            <div
              class="MuiGrid-root MuiGrid-item MuiGrid-grid-xs-12 MuiGrid-grid-sm-8"
            >
              <div
                class="MuiPaper-root MuiCard-root makeStyles-card-239 MuiPaper-outlined MuiPaper-rounded"
              >
                <div
                  class="MuiCardContent-root"
                >
                  <h6
                    class="MuiTypography-root MuiTypography-subtitle1 MuiTypography-gutterBottom"
                  />
                  <div
                    class="MuiGrid-root MuiGrid-container MuiGrid-spacing-xs-3"
                  >
                    <div
                      class="MuiGrid-root MuiGrid-item MuiGrid-grid-xs-7"
                    >
                      <b>
                        Savings Goal
                      </b>
                    </div>
                    <div
                      class="MuiGrid-root MuiGrid-item MuiGrid-grid-xs-5"
                    >
                      <p />
                    </div>
                    <p>
                      Please make goals
                    </p>
                  </div>
                </div>
                <div
                  class="MuiCardActions-root MuiCardActions-spacing"
                >
                  <button
                    class="sc-AykKD kqTUWR"
                  >
                    View All
                  </button>
                </div>
              </div>
            </div>
          </div>
        </div>
      </div>
    </div>
    <script
      src="https://cdn.plaid.com/link/v2/stable/link-initialize.js"
    />
  </body>,
  "container": <div>
    <div
      class="MuiGrid-root MuiGrid-container MuiGrid-spacing-xs-3"
    >
      <div
        class="MuiGrid-root MuiGrid-item MuiGrid-grid-xs-12 MuiGrid-grid-sm-8"
      >
        <div
          class="MuiGrid-root MuiGrid-container"
        >
          <div
            class="MuiGrid-root MuiGrid-item MuiGrid-grid-xs-12 MuiGrid-grid-sm-12 MuiGrid-grid-lg-12"
          >
            <div>
              <div
                class="MuiPaper-root MuiCard-root makeStyles-card-104 MuiPaper-elevation1 MuiPaper-rounded"
              >
                <div
                  class="MuiCardContent-root"
                >
                  <div
                    class="MuiGrid-root MuiGrid-container MuiGrid-spacing-xs-3"
                  >
                    <div
                      class="MuiGrid-root MuiGrid-item MuiGrid-grid-xs-7"
                    >
                      <h3>
                        Hi, First Name
                      </h3>
                      <p>
                        username@gmail.com
                      </p>
                    </div>
                    <div
                      class="MuiGrid-root MuiGrid-item MuiGrid-grid-xs-5"
                    >
                      <p>
                        FN
                      </p>
                    </div>
                  </div>
                </div>
              </div>
            </div>
          </div>
        </div>
        <div
          class="MuiGrid-root MuiGrid-container"
        >
          <div
            class="MuiGrid-root MuiGrid-item MuiGrid-grid-xs-12 MuiGrid-grid-sm-12"
          >
            <div
              class="MuiPaper-root MuiTableContainer-root MuiPaper-elevation1 MuiPaper-rounded"
            >
              <table
                aria-label="simple table"
                class="MuiTable-root makeStyles-table-138"
              >
                <thead
                  class="MuiTableHead-root"
                >
                  <tr
                    class="MuiTableRow-root MuiTableRow-head"
                  >
                    <th
                      class="MuiTableCell-root MuiTableCell-head"
                      scope="col"
                    >
                      Block
                    </th>
                    <th
                      class="MuiTableCell-root MuiTableCell-head"
                      scope="col"
                    >
                      Current status
                    </th>
                    <th
                      class="MuiTableCell-root MuiTableCell-head"
                      scope="col"
                    />
                    <th
                      class="MuiTableCell-root MuiTableCell-head"
                      scope="col"
                    >
                      Total Expenses
                    </th>
                    <th
                      class="MuiTableCell-root MuiTableCell-head"
                      scope="col"
                    >
                      Limit
                    </th>
                    <th
                      class="MuiTableCell-root MuiTableCell-head"
                      scope="col"
                    >
                      Action
                    </th>
                  </tr>
                </thead>
                <tbody
                  class="MuiTableBody-root"
                />
              </table>
            </div>
          </div>
        </div>
        <div
          class="MuiGrid-root MuiGrid-container"
        >
          <div
            class="MuiGrid-root MuiGrid-item MuiGrid-grid-xs-12 MuiGrid-grid-sm-12"
          >
            <div
              class="makeStyles-topcontent-162"
            >
              <b
                class="makeStyles-text-167"
              >
                Recent Transactions:
              </b>
              <div
                class="makeStyles-root-161"
              >
                <button
                  class="MuiButtonBase-root MuiButton-root MuiButton-contained"
                  tabindex="0"
                  type="button"
                >
                  <span
                    class="MuiButton-label"
                  >
                    <svg
                      aria-hidden="true"
                      class="MuiSvgIcon-root"
                      focusable="false"
                      role="presentation"
                      viewBox="0 0 24 24"
                    >
                      <path
                        d="M19 13h-6v6h-2v-6H5v-2h6V5h2v6h6v2z"
                      />
                    </svg>
                    Add Transactions
                  </span>
                  <span
                    class="MuiTouchRipple-root"
                  />
                </button>
                <button
                  class="MuiButtonBase-root MuiButton-root MuiButton-contained MuiButton-containedPrimary"
                  tabindex="0"
                  type="button"
                >
                  <span
                    class="MuiButton-label"
                  >
                    <svg
                      aria-hidden="true"
                      class="MuiSvgIcon-root"
                      focusable="false"
                      role="presentation"
                      viewBox="0 0 24 24"
                    >
                      <path
                        d="M19 13h-6v6h-2v-6H5v-2h6V5h2v6h6v2z"
                      />
                    </svg>
                    Add Income
                  </span>
                  <span
                    class="MuiTouchRipple-root"
                  />
                </button>
              </div>
            </div>
            <div
              class="MuiPaper-root MuiCard-root makeStyles-card-163 MuiPaper-elevation1 MuiPaper-rounded"
            >
              <div
                class="makeStyles-details-164"
              >
                <div
                  class="MuiCardContent-root makeStyles-content-165"
                >
                  <p
                    class="MuiTypography-root MuiTypography-body1"
                  >
                    Puchase Authorized on 01/01 Storage Company For USER 6A7BC81524XY1524
                  </p>
                  <h6
                    class="MuiTypography-root MuiTypography-subtitle1 MuiTypography-colorTextSecondary"
                  >
                    Jan 20, 2020
                  </h6>
                  <h6
                    class="MuiTypography-root MuiTypography-subtitle1 MuiTypography-colorTextSecondary"
                  >
                    Category: 
                    Grocery
                  </h6>
                </div>
              </div>
              <div
                class="makeStyles-controls-166"
              >
                $ 
                312.44
              </div>
            </div>
            <div
              class="MuiPaper-root MuiCard-root makeStyles-card-163 MuiPaper-elevation1 MuiPaper-rounded"
            >
              <div
                class="makeStyles-details-164"
              >
                <div
                  class="MuiCardContent-root makeStyles-content-165"
                >
                  <p
                    class="MuiTypography-root MuiTypography-body1"
                  >
                    LA fitness
                  </p>
                  <h6
                    class="MuiTypography-root MuiTypography-subtitle1 MuiTypography-colorTextSecondary"
                  >
                    Jan 21, 2020
                  </h6>
                  <h6
                    class="MuiTypography-root MuiTypography-subtitle1 MuiTypography-colorTextSecondary"
                  >
                    Category: 
                    Utility
                  </h6>
                </div>
              </div>
              <div
                class="makeStyles-controls-166"
              >
                $ 
                866.99
              </div>
            </div>
            <div
              class="MuiPaper-root MuiCard-root makeStyles-card-163 MuiPaper-elevation1 MuiPaper-rounded"
            >
              <div
                class="makeStyles-details-164"
              >
                <div
                  class="MuiCardContent-root makeStyles-content-165"
                >
                  <p
                    class="MuiTypography-root MuiTypography-body1"
                  >
                    APPPLE.COM/BILL
                  </p>
                  <h6
                    class="MuiTypography-root MuiTypography-subtitle1 MuiTypography-colorTextSecondary"
                  >
                    Jan 22, 2020
                  </h6>
                  <h6
                    class="MuiTypography-root MuiTypography-subtitle1 MuiTypography-colorTextSecondary"
                  >
                    Category: 
                    Entertainment
                  </h6>
                </div>
              </div>
              <div
                class="makeStyles-controls-166"
              >
                $ 
                100.81
              </div>
            </div>
            <div
              class="MuiPaper-root MuiCard-root makeStyles-card-163 MuiPaper-elevation1 MuiPaper-rounded"
            >
              <div
                class="makeStyles-details-164"
              >
                <div
                  class="MuiCardContent-root makeStyles-content-165"
                >
                  <p
                    class="MuiTypography-root MuiTypography-body1"
                  >
                    Target
                  </p>
                  <h6
                    class="MuiTypography-root MuiTypography-subtitle1 MuiTypography-colorTextSecondary"
                  >
                    Jan 23, 2020
                  </h6>
                  <h6
                    class="MuiTypography-root MuiTypography-subtitle1 MuiTypography-colorTextSecondary"
                  >
                    Category: 
                    Shopping
                  </h6>
                </div>
              </div>
              <div
                class="makeStyles-controls-166"
              >
                $ 
                654.39
              </div>
            </div>
            <div
              class="MuiPaper-root MuiCard-root makeStyles-card-163 MuiPaper-elevation1 MuiPaper-rounded"
            >
              <div
                class="makeStyles-details-164"
              >
                <div
                  class="MuiCardContent-root makeStyles-content-165"
                >
                  <p
                    class="MuiTypography-root MuiTypography-body1"
                  >
                    Nordstrom #0123
                  </p>
                  <h6
                    class="MuiTypography-root MuiTypography-subtitle1 MuiTypography-colorTextSecondary"
                  >
                    Jan 24, 2020
                  </h6>
                  <h6
                    class="MuiTypography-root MuiTypography-subtitle1 MuiTypography-colorTextSecondary"
                  >
                    Category: 
                    Shopping
                  </h6>
                </div>
              </div>
              <div
                class="makeStyles-controls-166"
              >
                $ 
                212.79
              </div>
            </div>
          </div>
        </div>
      </div>
      <div
        class="MuiGrid-root MuiGrid-item MuiGrid-grid-xs-12 MuiGrid-grid-sm-4"
      >
        <div
          class="MuiGrid-root MuiGrid-container"
        >
          <div
            class="MuiGrid-root MuiGrid-item MuiGrid-grid-xs-12 MuiGrid-grid-sm-8"
          >
            Total Budget
          </div>
        </div>
        <div
          class="MuiGrid-root MuiGrid-container"
        >
          <div
            class="MuiGrid-root MuiGrid-item MuiGrid-grid-xs-12 MuiGrid-grid-sm-8"
          >
            <div
              class="NoBalance"
            >
              <div
                class="LinkAccount"
              >
                <div>
                  <button
                    class="plaidButton"
                    disabled=""
                    style="padding: 6px 4px; outline: none; background: rgb(255, 255, 255); border: 2px solid #f1f1f1; border-radius: 4px;"
                  >
                    Connect Bank Account
                  </button>
                </div>
              </div>
              <img
                alt="Plaid Icon"
                class="plaidIcon"
                src="PlaidIcon.png"
              />
            </div>
          </div>
        </div>
        <div
          class="MuiGrid-root MuiGrid-container"
        >
          <div
            class="MuiGrid-root MuiGrid-item MuiGrid-grid-xs-12 MuiGrid-grid-sm-8"
          >
            Due 
          </div>
        </div>
        <div
          class="MuiGrid-root MuiGrid-container"
        >
          <div
            class="MuiGrid-root MuiGrid-item MuiGrid-grid-xs-12 MuiGrid-grid-sm-8"
          >
            <div
              class="MuiPaper-root MuiCard-root makeStyles-card-239 MuiPaper-outlined MuiPaper-rounded"
            >
              <div
                class="MuiCardContent-root"
              >
                <h6
                  class="MuiTypography-root MuiTypography-subtitle1 MuiTypography-gutterBottom"
                />
                <div
                  class="MuiGrid-root MuiGrid-container MuiGrid-spacing-xs-3"
                >
                  <div
                    class="MuiGrid-root MuiGrid-item MuiGrid-grid-xs-7"
                  >
                    <b>
                      Savings Goal
                    </b>
                  </div>
                  <div
                    class="MuiGrid-root MuiGrid-item MuiGrid-grid-xs-5"
                  >
                    <p />
                  </div>
                  <p>
                    Please make goals
                  </p>
                </div>
              </div>
              <div
                class="MuiCardActions-root MuiCardActions-spacing"
              >
                <button
                  class="sc-AykKD kqTUWR"
                >
                  View All
                </button>
              </div>
            </div>
          </div>
        </div>
      </div>
    </div>
  </div>,
  "debug": [Function],
  "findAllByAltText": [Function],
  "findAllByDisplayValue": [Function],
  "findAllByLabelText": [Function],
  "findAllByPlaceholderText": [Function],
  "findAllByRole": [Function],
  "findAllByTestId": [Function],
  "findAllByText": [Function],
  "findAllByTitle": [Function],
  "findByAltText": [Function],
  "findByDisplayValue": [Function],
  "findByLabelText": [Function],
  "findByPlaceholderText": [Function],
  "findByRole": [Function],
  "findByTestId": [Function],
  "findByText": [Function],
  "findByTitle": [Function],
  "getAllByAltText": [Function],
  "getAllByDisplayValue": [Function],
  "getAllByLabelText": [Function],
  "getAllByPlaceholderText": [Function],
  "getAllByRole": [Function],
  "getAllByTestId": [Function],
  "getAllByText": [Function],
  "getAllByTitle": [Function],
  "getByAltText": [Function],
  "getByDisplayValue": [Function],
  "getByLabelText": [Function],
  "getByPlaceholderText": [Function],
  "getByRole": [Function],
  "getByTestId": [Function],
  "getByText": [Function],
  "getByTitle": [Function],
  "queryAllByAltText": [Function],
  "queryAllByDisplayValue": [Function],
  "queryAllByLabelText": [Function],
  "queryAllByPlaceholderText": [Function],
  "queryAllByRole": [Function],
  "queryAllByTestId": [Function],
  "queryAllByText": [Function],
  "queryAllByTitle": [Function],
  "queryByAltText": [Function],
  "queryByDisplayValue": [Function],
  "queryByLabelText": [Function],
  "queryByPlaceholderText": [Function],
  "queryByRole": [Function],
  "queryByTestId": [Function],
  "queryByText": [Function],
  "queryByTitle": [Function],
  "rerender": [Function],
  "unmount": [Function],
}
`;

exports[`Register renders correctly 1`] = `
Object {
  "asFragment": [Function],
  "baseElement": <body>
    <div>
      <div
        class="MuiGrid-root MuiGrid-container MuiGrid-spacing-xs-3"
      >
        <div
          class="MuiGrid-root MuiGrid-item MuiGrid-grid-xs-12 MuiGrid-grid-sm-8"
        >
          <div
            class="MuiGrid-root MuiGrid-container"
          >
            <div
              class="MuiGrid-root MuiGrid-item MuiGrid-grid-xs-12 MuiGrid-grid-sm-12 MuiGrid-grid-lg-12"
            >
              <div>
                <div
                  class="MuiPaper-root MuiCard-root makeStyles-card-104 MuiPaper-elevation1 MuiPaper-rounded"
                >
                  <div
                    class="MuiCardContent-root"
                  >
                    <div
                      class="MuiGrid-root MuiGrid-container MuiGrid-spacing-xs-3"
                    >
                      <div
                        class="MuiGrid-root MuiGrid-item MuiGrid-grid-xs-7"
                      >
                        <h3>
                          Hi, First Name
                        </h3>
                        <p>
                          username@gmail.com
                        </p>
                      </div>
                      <div
                        class="MuiGrid-root MuiGrid-item MuiGrid-grid-xs-5"
                      >
                        <p>
                          FN
                        </p>
                      </div>
                    </div>
                  </div>
                </div>
              </div>
            </div>
          </div>
          <div
            class="MuiGrid-root MuiGrid-container"
          >
            <div
              class="MuiGrid-root MuiGrid-item MuiGrid-grid-xs-12 MuiGrid-grid-sm-12"
            >
              <div
                class="MuiPaper-root MuiTableContainer-root MuiPaper-elevation1 MuiPaper-rounded"
              >
                <table
                  aria-label="simple table"
                  class="MuiTable-root makeStyles-table-138"
                >
                  <thead
                    class="MuiTableHead-root"
                  >
                    <tr
                      class="MuiTableRow-root MuiTableRow-head"
                    >
                      <th
                        class="MuiTableCell-root MuiTableCell-head"
                        scope="col"
                      >
                        Block
                      </th>
                      <th
                        class="MuiTableCell-root MuiTableCell-head"
                        scope="col"
                      >
                        Current status
                      </th>
                      <th
                        class="MuiTableCell-root MuiTableCell-head"
                        scope="col"
                      />
                      <th
                        class="MuiTableCell-root MuiTableCell-head"
                        scope="col"
                      >
                        Total Expenses
                      </th>
                      <th
                        class="MuiTableCell-root MuiTableCell-head"
                        scope="col"
                      >
                        Limit
                      </th>
                      <th
                        class="MuiTableCell-root MuiTableCell-head"
                        scope="col"
                      >
                        Action
                      </th>
                    </tr>
                  </thead>
                  <tbody
                    class="MuiTableBody-root"
                  />
                </table>
              </div>
            </div>
          </div>
          <div
            class="MuiGrid-root MuiGrid-container"
          >
            <div
              class="MuiGrid-root MuiGrid-item MuiGrid-grid-xs-12 MuiGrid-grid-sm-12"
            >
              <div
                class="makeStyles-topcontent-162"
              >
                <b
                  class="makeStyles-text-167"
                >
                  Recent Transactions:
                </b>
                <div
                  class="makeStyles-root-161"
                >
                  <button
                    class="MuiButtonBase-root MuiButton-root MuiButton-contained"
                    tabindex="0"
                    type="button"
                  >
                    <span
                      class="MuiButton-label"
                    >
                      <svg
                        aria-hidden="true"
                        class="MuiSvgIcon-root"
                        focusable="false"
                        role="presentation"
                        viewBox="0 0 24 24"
                      >
                        <path
                          d="M19 13h-6v6h-2v-6H5v-2h6V5h2v6h6v2z"
                        />
                      </svg>
                      Add Transactions
                    </span>
                    <span
                      class="MuiTouchRipple-root"
                    />
                  </button>
                  <button
                    class="MuiButtonBase-root MuiButton-root MuiButton-contained MuiButton-containedPrimary"
                    tabindex="0"
                    type="button"
                  >
                    <span
                      class="MuiButton-label"
                    >
                      <svg
                        aria-hidden="true"
                        class="MuiSvgIcon-root"
                        focusable="false"
                        role="presentation"
                        viewBox="0 0 24 24"
                      >
                        <path
                          d="M19 13h-6v6h-2v-6H5v-2h6V5h2v6h6v2z"
                        />
                      </svg>
                      Add Income
                    </span>
                    <span
                      class="MuiTouchRipple-root"
                    />
                  </button>
                </div>
              </div>
              <div
                class="MuiPaper-root MuiCard-root makeStyles-card-163 MuiPaper-elevation1 MuiPaper-rounded"
              >
                <div
                  class="makeStyles-details-164"
                >
                  <div
                    class="MuiCardContent-root makeStyles-content-165"
                  >
                    <p
                      class="MuiTypography-root MuiTypography-body1"
                    >
                      Puchase Authorized on 01/01 Storage Company For USER 6A7BC81524XY1524
                    </p>
                    <h6
                      class="MuiTypography-root MuiTypography-subtitle1 MuiTypography-colorTextSecondary"
                    >
                      Jan 20, 2020
                    </h6>
                    <h6
                      class="MuiTypography-root MuiTypography-subtitle1 MuiTypography-colorTextSecondary"
                    >
                      Category: 
                      Grocery
                    </h6>
                  </div>
                </div>
                <div
                  class="makeStyles-controls-166"
                >
                  $ 
                  312.44
                </div>
              </div>
              <div
                class="MuiPaper-root MuiCard-root makeStyles-card-163 MuiPaper-elevation1 MuiPaper-rounded"
              >
                <div
                  class="makeStyles-details-164"
                >
                  <div
                    class="MuiCardContent-root makeStyles-content-165"
                  >
                    <p
                      class="MuiTypography-root MuiTypography-body1"
                    >
                      LA fitness
                    </p>
                    <h6
                      class="MuiTypography-root MuiTypography-subtitle1 MuiTypography-colorTextSecondary"
                    >
                      Jan 21, 2020
                    </h6>
                    <h6
                      class="MuiTypography-root MuiTypography-subtitle1 MuiTypography-colorTextSecondary"
                    >
                      Category: 
                      Utility
                    </h6>
                  </div>
                </div>
                <div
                  class="makeStyles-controls-166"
                >
                  $ 
                  866.99
                </div>
              </div>
              <div
                class="MuiPaper-root MuiCard-root makeStyles-card-163 MuiPaper-elevation1 MuiPaper-rounded"
              >
                <div
                  class="makeStyles-details-164"
                >
                  <div
                    class="MuiCardContent-root makeStyles-content-165"
                  >
                    <p
                      class="MuiTypography-root MuiTypography-body1"
                    >
                      APPPLE.COM/BILL
                    </p>
                    <h6
                      class="MuiTypography-root MuiTypography-subtitle1 MuiTypography-colorTextSecondary"
                    >
                      Jan 22, 2020
                    </h6>
                    <h6
                      class="MuiTypography-root MuiTypography-subtitle1 MuiTypography-colorTextSecondary"
                    >
                      Category: 
                      Entertainment
                    </h6>
                  </div>
                </div>
                <div
                  class="makeStyles-controls-166"
                >
                  $ 
                  100.81
                </div>
              </div>
              <div
                class="MuiPaper-root MuiCard-root makeStyles-card-163 MuiPaper-elevation1 MuiPaper-rounded"
              >
                <div
                  class="makeStyles-details-164"
                >
                  <div
                    class="MuiCardContent-root makeStyles-content-165"
                  >
                    <p
                      class="MuiTypography-root MuiTypography-body1"
                    >
                      Target
                    </p>
                    <h6
                      class="MuiTypography-root MuiTypography-subtitle1 MuiTypography-colorTextSecondary"
                    >
                      Jan 23, 2020
                    </h6>
                    <h6
                      class="MuiTypography-root MuiTypography-subtitle1 MuiTypography-colorTextSecondary"
                    >
                      Category: 
                      Shopping
                    </h6>
                  </div>
                </div>
                <div
                  class="makeStyles-controls-166"
                >
                  $ 
                  654.39
                </div>
              </div>
              <div
                class="MuiPaper-root MuiCard-root makeStyles-card-163 MuiPaper-elevation1 MuiPaper-rounded"
              >
                <div
                  class="makeStyles-details-164"
                >
                  <div
                    class="MuiCardContent-root makeStyles-content-165"
                  >
                    <p
                      class="MuiTypography-root MuiTypography-body1"
                    >
                      Nordstrom #0123
                    </p>
                    <h6
                      class="MuiTypography-root MuiTypography-subtitle1 MuiTypography-colorTextSecondary"
                    >
                      Jan 24, 2020
                    </h6>
                    <h6
                      class="MuiTypography-root MuiTypography-subtitle1 MuiTypography-colorTextSecondary"
                    >
                      Category: 
                      Shopping
                    </h6>
                  </div>
                </div>
                <div
                  class="makeStyles-controls-166"
                >
                  $ 
                  212.79
                </div>
              </div>
            </div>
          </div>
        </div>
        <div
          class="MuiGrid-root MuiGrid-item MuiGrid-grid-xs-12 MuiGrid-grid-sm-4"
        >
          <div
            class="MuiGrid-root MuiGrid-container"
          >
            <div
              class="MuiGrid-root MuiGrid-item MuiGrid-grid-xs-12 MuiGrid-grid-sm-8"
            >
              Total Budget
            </div>
          </div>
          <div
            class="MuiGrid-root MuiGrid-container"
          >
            <div
              class="MuiGrid-root MuiGrid-item MuiGrid-grid-xs-12 MuiGrid-grid-sm-8"
            >
              <div
                class="NoBalance"
              >
                <div
                  class="LinkAccount"
                >
                  <div>
                    <button
                      class="plaidButton"
                      disabled=""
                      style="padding: 6px 4px; outline: none; background: rgb(255, 255, 255); border: 2px solid #f1f1f1; border-radius: 4px;"
                    >
                      Connect Bank Account
                    </button>
                  </div>
                </div>
                <img
                  alt="Plaid Icon"
                  class="plaidIcon"
                  src="PlaidIcon.png"
                />
              </div>
            </div>
          </div>
          <div
            class="MuiGrid-root MuiGrid-container"
          >
            <div
              class="MuiGrid-root MuiGrid-item MuiGrid-grid-xs-12 MuiGrid-grid-sm-8"
            >
              Due 
            </div>
          </div>
          <div
            class="MuiGrid-root MuiGrid-container"
          >
            <div
              class="MuiGrid-root MuiGrid-item MuiGrid-grid-xs-12 MuiGrid-grid-sm-8"
            >
              <div
                class="MuiPaper-root MuiCard-root makeStyles-card-239 MuiPaper-outlined MuiPaper-rounded"
              >
                <div
                  class="MuiCardContent-root"
                >
                  <h6
                    class="MuiTypography-root MuiTypography-subtitle1 MuiTypography-gutterBottom"
                  />
                  <div
                    class="MuiGrid-root MuiGrid-container MuiGrid-spacing-xs-3"
                  >
                    <div
                      class="MuiGrid-root MuiGrid-item MuiGrid-grid-xs-7"
                    >
                      <b>
                        Savings Goal
                      </b>
                    </div>
                    <div
                      class="MuiGrid-root MuiGrid-item MuiGrid-grid-xs-5"
                    >
                      <p />
                    </div>
                    <p>
                      Please make goals
                    </p>
                  </div>
                </div>
                <div
                  class="MuiCardActions-root MuiCardActions-spacing"
                >
                  <button
                    class="sc-AykKD kqTUWR"
                  >
                    View All
                  </button>
                </div>
              </div>
            </div>
          </div>
        </div>
      </div>
    </div>
    <script
      src="https://cdn.plaid.com/link/v2/stable/link-initialize.js"
    />
  </body>,
  "container": <div>
    <div
      class="MuiGrid-root MuiGrid-container MuiGrid-spacing-xs-3"
    >
      <div
        class="MuiGrid-root MuiGrid-item MuiGrid-grid-xs-12 MuiGrid-grid-sm-8"
      >
        <div
          class="MuiGrid-root MuiGrid-container"
        >
          <div
            class="MuiGrid-root MuiGrid-item MuiGrid-grid-xs-12 MuiGrid-grid-sm-12 MuiGrid-grid-lg-12"
          >
            <div>
              <div
                class="MuiPaper-root MuiCard-root makeStyles-card-104 MuiPaper-elevation1 MuiPaper-rounded"
              >
                <div
                  class="MuiCardContent-root"
                >
                  <div
                    class="MuiGrid-root MuiGrid-container MuiGrid-spacing-xs-3"
                  >
                    <div
                      class="MuiGrid-root MuiGrid-item MuiGrid-grid-xs-7"
                    >
                      <h3>
                        Hi, First Name
                      </h3>
                      <p>
                        username@gmail.com
                      </p>
                    </div>
                    <div
                      class="MuiGrid-root MuiGrid-item MuiGrid-grid-xs-5"
                    >
                      <p>
                        FN
                      </p>
                    </div>
                  </div>
                </div>
              </div>
            </div>
          </div>
        </div>
        <div
          class="MuiGrid-root MuiGrid-container"
        >
          <div
            class="MuiGrid-root MuiGrid-item MuiGrid-grid-xs-12 MuiGrid-grid-sm-12"
          >
            <div
              class="MuiPaper-root MuiTableContainer-root MuiPaper-elevation1 MuiPaper-rounded"
            >
              <table
                aria-label="simple table"
                class="MuiTable-root makeStyles-table-138"
              >
                <thead
                  class="MuiTableHead-root"
                >
                  <tr
                    class="MuiTableRow-root MuiTableRow-head"
                  >
                    <th
                      class="MuiTableCell-root MuiTableCell-head"
                      scope="col"
                    >
                      Block
                    </th>
                    <th
                      class="MuiTableCell-root MuiTableCell-head"
                      scope="col"
                    >
                      Current status
                    </th>
                    <th
                      class="MuiTableCell-root MuiTableCell-head"
                      scope="col"
                    />
                    <th
                      class="MuiTableCell-root MuiTableCell-head"
                      scope="col"
                    >
                      Total Expenses
                    </th>
                    <th
                      class="MuiTableCell-root MuiTableCell-head"
                      scope="col"
                    >
                      Limit
                    </th>
                    <th
                      class="MuiTableCell-root MuiTableCell-head"
                      scope="col"
                    >
                      Action
                    </th>
                  </tr>
                </thead>
                <tbody
                  class="MuiTableBody-root"
                />
              </table>
            </div>
          </div>
        </div>
        <div
          class="MuiGrid-root MuiGrid-container"
        >
          <div
            class="MuiGrid-root MuiGrid-item MuiGrid-grid-xs-12 MuiGrid-grid-sm-12"
          >
            <div
              class="makeStyles-topcontent-162"
            >
              <b
                class="makeStyles-text-167"
              >
                Recent Transactions:
              </b>
              <div
                class="makeStyles-root-161"
              >
                <button
                  class="MuiButtonBase-root MuiButton-root MuiButton-contained"
                  tabindex="0"
                  type="button"
                >
                  <span
                    class="MuiButton-label"
                  >
                    <svg
                      aria-hidden="true"
                      class="MuiSvgIcon-root"
                      focusable="false"
                      role="presentation"
                      viewBox="0 0 24 24"
                    >
                      <path
                        d="M19 13h-6v6h-2v-6H5v-2h6V5h2v6h6v2z"
                      />
                    </svg>
                    Add Transactions
                  </span>
                  <span
                    class="MuiTouchRipple-root"
                  />
                </button>
                <button
                  class="MuiButtonBase-root MuiButton-root MuiButton-contained MuiButton-containedPrimary"
                  tabindex="0"
                  type="button"
                >
                  <span
                    class="MuiButton-label"
                  >
                    <svg
                      aria-hidden="true"
                      class="MuiSvgIcon-root"
                      focusable="false"
                      role="presentation"
                      viewBox="0 0 24 24"
                    >
                      <path
                        d="M19 13h-6v6h-2v-6H5v-2h6V5h2v6h6v2z"
                      />
                    </svg>
                    Add Income
                  </span>
                  <span
                    class="MuiTouchRipple-root"
                  />
                </button>
              </div>
            </div>
            <div
              class="MuiPaper-root MuiCard-root makeStyles-card-163 MuiPaper-elevation1 MuiPaper-rounded"
            >
              <div
                class="makeStyles-details-164"
              >
                <div
                  class="MuiCardContent-root makeStyles-content-165"
                >
                  <p
                    class="MuiTypography-root MuiTypography-body1"
                  >
                    Puchase Authorized on 01/01 Storage Company For USER 6A7BC81524XY1524
                  </p>
                  <h6
                    class="MuiTypography-root MuiTypography-subtitle1 MuiTypography-colorTextSecondary"
                  >
                    Jan 20, 2020
                  </h6>
                  <h6
                    class="MuiTypography-root MuiTypography-subtitle1 MuiTypography-colorTextSecondary"
                  >
                    Category: 
                    Grocery
                  </h6>
                </div>
              </div>
              <div
                class="makeStyles-controls-166"
              >
                $ 
                312.44
              </div>
            </div>
            <div
              class="MuiPaper-root MuiCard-root makeStyles-card-163 MuiPaper-elevation1 MuiPaper-rounded"
            >
              <div
                class="makeStyles-details-164"
              >
                <div
                  class="MuiCardContent-root makeStyles-content-165"
                >
                  <p
                    class="MuiTypography-root MuiTypography-body1"
                  >
                    LA fitness
                  </p>
                  <h6
                    class="MuiTypography-root MuiTypography-subtitle1 MuiTypography-colorTextSecondary"
                  >
                    Jan 21, 2020
                  </h6>
                  <h6
                    class="MuiTypography-root MuiTypography-subtitle1 MuiTypography-colorTextSecondary"
                  >
                    Category: 
                    Utility
                  </h6>
                </div>
              </div>
              <div
                class="makeStyles-controls-166"
              >
                $ 
                866.99
              </div>
            </div>
            <div
              class="MuiPaper-root MuiCard-root makeStyles-card-163 MuiPaper-elevation1 MuiPaper-rounded"
            >
              <div
                class="makeStyles-details-164"
              >
                <div
                  class="MuiCardContent-root makeStyles-content-165"
                >
                  <p
                    class="MuiTypography-root MuiTypography-body1"
                  >
                    APPPLE.COM/BILL
                  </p>
                  <h6
                    class="MuiTypography-root MuiTypography-subtitle1 MuiTypography-colorTextSecondary"
                  >
                    Jan 22, 2020
                  </h6>
                  <h6
                    class="MuiTypography-root MuiTypography-subtitle1 MuiTypography-colorTextSecondary"
                  >
                    Category: 
                    Entertainment
                  </h6>
                </div>
              </div>
              <div
                class="makeStyles-controls-166"
              >
                $ 
                100.81
              </div>
            </div>
            <div
              class="MuiPaper-root MuiCard-root makeStyles-card-163 MuiPaper-elevation1 MuiPaper-rounded"
            >
              <div
                class="makeStyles-details-164"
              >
                <div
                  class="MuiCardContent-root makeStyles-content-165"
                >
                  <p
                    class="MuiTypography-root MuiTypography-body1"
                  >
                    Target
                  </p>
                  <h6
                    class="MuiTypography-root MuiTypography-subtitle1 MuiTypography-colorTextSecondary"
                  >
                    Jan 23, 2020
                  </h6>
                  <h6
                    class="MuiTypography-root MuiTypography-subtitle1 MuiTypography-colorTextSecondary"
                  >
                    Category: 
                    Shopping
                  </h6>
                </div>
              </div>
              <div
                class="makeStyles-controls-166"
              >
                $ 
                654.39
              </div>
            </div>
            <div
              class="MuiPaper-root MuiCard-root makeStyles-card-163 MuiPaper-elevation1 MuiPaper-rounded"
            >
              <div
                class="makeStyles-details-164"
              >
                <div
                  class="MuiCardContent-root makeStyles-content-165"
                >
                  <p
                    class="MuiTypography-root MuiTypography-body1"
                  >
                    Nordstrom #0123
                  </p>
                  <h6
                    class="MuiTypography-root MuiTypography-subtitle1 MuiTypography-colorTextSecondary"
                  >
                    Jan 24, 2020
                  </h6>
                  <h6
                    class="MuiTypography-root MuiTypography-subtitle1 MuiTypography-colorTextSecondary"
                  >
                    Category: 
                    Shopping
                  </h6>
                </div>
              </div>
              <div
                class="makeStyles-controls-166"
              >
                $ 
                212.79
              </div>
            </div>
          </div>
        </div>
      </div>
      <div
        class="MuiGrid-root MuiGrid-item MuiGrid-grid-xs-12 MuiGrid-grid-sm-4"
      >
        <div
          class="MuiGrid-root MuiGrid-container"
        >
          <div
            class="MuiGrid-root MuiGrid-item MuiGrid-grid-xs-12 MuiGrid-grid-sm-8"
          >
            Total Budget
          </div>
        </div>
        <div
          class="MuiGrid-root MuiGrid-container"
        >
          <div
            class="MuiGrid-root MuiGrid-item MuiGrid-grid-xs-12 MuiGrid-grid-sm-8"
          >
            <div
              class="NoBalance"
            >
              <div
                class="LinkAccount"
              >
                <div>
                  <button
                    class="plaidButton"
                    disabled=""
                    style="padding: 6px 4px; outline: none; background: rgb(255, 255, 255); border: 2px solid #f1f1f1; border-radius: 4px;"
                  >
                    Connect Bank Account
                  </button>
                </div>
              </div>
              <img
                alt="Plaid Icon"
                class="plaidIcon"
                src="PlaidIcon.png"
              />
            </div>
          </div>
        </div>
        <div
          class="MuiGrid-root MuiGrid-container"
        >
          <div
            class="MuiGrid-root MuiGrid-item MuiGrid-grid-xs-12 MuiGrid-grid-sm-8"
          >
            Due 
          </div>
        </div>
        <div
          class="MuiGrid-root MuiGrid-container"
        >
          <div
            class="MuiGrid-root MuiGrid-item MuiGrid-grid-xs-12 MuiGrid-grid-sm-8"
          >
            <div
              class="MuiPaper-root MuiCard-root makeStyles-card-239 MuiPaper-outlined MuiPaper-rounded"
            >
              <div
                class="MuiCardContent-root"
              >
                <h6
                  class="MuiTypography-root MuiTypography-subtitle1 MuiTypography-gutterBottom"
                />
                <div
                  class="MuiGrid-root MuiGrid-container MuiGrid-spacing-xs-3"
                >
                  <div
                    class="MuiGrid-root MuiGrid-item MuiGrid-grid-xs-7"
                  >
                    <b>
                      Savings Goal
                    </b>
                  </div>
                  <div
                    class="MuiGrid-root MuiGrid-item MuiGrid-grid-xs-5"
                  >
                    <p />
                  </div>
                  <p>
                    Please make goals
                  </p>
                </div>
              </div>
              <div
                class="MuiCardActions-root MuiCardActions-spacing"
              >
                <button
                  class="sc-AykKD kqTUWR"
                >
                  View All
                </button>
              </div>
            </div>
          </div>
        </div>
      </div>
    </div>
  </div>,
  "debug": [Function],
  "findAllByAltText": [Function],
  "findAllByDisplayValue": [Function],
  "findAllByLabelText": [Function],
  "findAllByPlaceholderText": [Function],
  "findAllByRole": [Function],
  "findAllByTestId": [Function],
  "findAllByText": [Function],
  "findAllByTitle": [Function],
  "findByAltText": [Function],
  "findByDisplayValue": [Function],
  "findByLabelText": [Function],
  "findByPlaceholderText": [Function],
  "findByRole": [Function],
  "findByTestId": [Function],
  "findByText": [Function],
  "findByTitle": [Function],
  "getAllByAltText": [Function],
  "getAllByDisplayValue": [Function],
  "getAllByLabelText": [Function],
  "getAllByPlaceholderText": [Function],
  "getAllByRole": [Function],
  "getAllByTestId": [Function],
  "getAllByText": [Function],
  "getAllByTitle": [Function],
  "getByAltText": [Function],
  "getByDisplayValue": [Function],
  "getByLabelText": [Function],
  "getByPlaceholderText": [Function],
  "getByRole": [Function],
  "getByTestId": [Function],
  "getByText": [Function],
  "getByTitle": [Function],
  "queryAllByAltText": [Function],
  "queryAllByDisplayValue": [Function],
  "queryAllByLabelText": [Function],
  "queryAllByPlaceholderText": [Function],
  "queryAllByRole": [Function],
  "queryAllByTestId": [Function],
  "queryAllByText": [Function],
  "queryAllByTitle": [Function],
  "queryByAltText": [Function],
  "queryByDisplayValue": [Function],
  "queryByLabelText": [Function],
  "queryByPlaceholderText": [Function],
  "queryByRole": [Function],
  "queryByTestId": [Function],
  "queryByText": [Function],
  "queryByTitle": [Function],
  "rerender": [Function],
  "unmount": [Function],
}
`;
